// Jest Snapshot v1, https://goo.gl/fbAQLP

exports[`Generate HTML report License HTML Report is generated as expected 1`] = `
"<!DOCTYPE html>
<html lang=\\"en\\">
  <head>
    <meta http-equiv=\\"Content-type\\" content=\\"text/html; charset=utf-8\\">
    <meta http-equiv=\\"Content-Language\\" content=\\"en-us\\">
    <meta name=\\"viewport\\" content=\\"width=device-width, initial-scale=1.0\\">
    <meta http-equiv=\\"X-UA-Compatible\\" content=\\"IE=edge\\">
    <title>Snyk Licenses Report</title>
    <link rel=\\"icon\\" type=\\"image/png\\" href=\\"https://res.cloudinary.com/snyk/image/upload/v1468845142/favicon/favicon.png\\"
      sizes=\\"194x194\\">
    <link rel=\\"shortcut icon\\" href=\\"https://res.cloudinary.com/snyk/image/upload/v1468845142/favicon/favicon.ico\\">
  </head>

  <body>
    <main class=\\"layout-stacked\\">
      <h1>Hello!</h1>
    </main>
  </body>
</html>

"
`;
